Running: /opt/Xilinx/14.7/ISE_DS/ISE/bin/lin64/unwrapped/fuse -intstyle ise -incremental -lib secureip -o /home/ise/Full_Adder_1bit/full_adder_1bit_tb_isim_beh.exe -prj /home/ise/Full_Adder_1bit/full_adder_1bit_tb_beh.prj full_adder_1bit_tb 
ISim P.20131013 (signature 0xfbc00daa)
Number of CPUs detected in this system: 1
Turning on mult-threading, number of parallel sub-compilation jobs: 0 
Determining compilation order of HDL files
Parsing VHDL file "/home/ise/Full_Adder_1bit/Full_Adder_1_bit.vhd" into library work
Parsing VHDL file "/home/ise/Full_Adder_1bit/full_adder_1bit_test_Bench.vhd" into library work
Starting static elaboration
Completed static elaboration
Fuse Memory Usage: 95308 KB
Fuse CPU Usage: 930 ms
Compiling package standard
Compiling package std_logic_1164
Compiling architecture behavioral of entity full_adder_1bit [full_adder_1bit_default]
Compiling architecture behavior of entity full_adder_1bit_tb
Time Resolution for simulation is 1ps.
Compiled 5 VHDL Units
Built simulation executable /home/ise/Full_Adder_1bit/full_adder_1bit_tb_isim_beh.exe
Fuse Memory Usage: 103940 KB
Fuse CPU Usage: 950 ms
GCC CPU Usage: 360 ms
