Release 14.7 - xst P.20131013 (lin64)
Copyright (c) 1995-2013 Xilinx, Inc.  All rights reserved.
--> 
Parameter TMPDIR set to xst/projnav.tmp


Total REAL time to Xst completion: 0.00 secs
Total CPU time to Xst completion: 0.05 secs
 
--> 
Parameter xsthdpdir set to xst


Total REAL time to Xst completion: 0.00 secs
Total CPU time to Xst completion: 0.05 secs
 
--> 
Reading design: alu_top.prj

TABLE OF CONTENTS
  1) Synthesis Options Summary
  2) HDL Parsing
  3) HDL Elaboration
  4) HDL Synthesis
       4.1) HDL Synthesis Report
  5) Advanced HDL Synthesis
       5.1) Advanced HDL Synthesis Report
  6) Low Level Synthesis
  7) Partition Report
  8) Design Summary
       8.1) Primitive and Black Box Usage
       8.2) Device utilization summary
       8.3) Partition Resource Summary
       8.4) Timing Report
            8.4.1) Clock Information
            8.4.2) Asynchronous Control Signals Information
            8.4.3) Timing Summary
            8.4.4) Timing Details
            8.4.5) Cross Clock Domains Report


=========================================================================
*                      Synthesis Options Summary                        *
=========================================================================
---- Source Parameters
Input File Name                    : "alu_top.prj"
Ignore Synthesis Constraint File   : NO

---- Target Parameters
Output File Name                   : "alu_top"
Output Format                      : NGC
Target Device                      : xc7a100t-3-csg324

---- Source Options
Top Module Name                    : alu_top
Automatic FSM Extraction           : YES
FSM Encoding Algorithm             : Auto
Safe Implementation                : No
FSM Style                          : LUT
RAM Extraction                     : Yes
RAM Style                          : Auto
ROM Extraction                     : Yes
Shift Register Extraction          : YES
ROM Style                          : Auto
Resource Sharing                   : YES
Asynchronous To Synchronous        : NO
Shift Register Minimum Size        : 2
Use DSP Block                      : Auto
Automatic Register Balancing       : No

---- Target Options
LUT Combining                      : Auto
Reduce Control Sets                : Auto
Add IO Buffers                     : YES
Global Maximum Fanout              : 100000
Add Generic Clock Buffer(BUFG)     : 32
Register Duplication               : YES
Optimize Instantiated Primitives   : NO
Use Clock Enable                   : Auto
Use Synchronous Set                : Auto
Use Synchronous Reset              : Auto
Pack IO Registers into IOBs        : Auto
Equivalent register Removal        : YES

---- General Options
Optimization Goal                  : Speed
Optimization Effort                : 1
Power Reduction                    : NO
Keep Hierarchy                     : No
Netlist Hierarchy                  : As_Optimized
RTL Output                         : Yes
Global Optimization                : AllClockNets
Read Cores                         : YES
Write Timing Constraints           : NO
Cross Clock Analysis               : NO
Hierarchy Separator                : /
Bus Delimiter                      : <>
Case Specifier                     : Maintain
Slice Utilization Ratio            : 100
BRAM Utilization Ratio             : 100
DSP48 Utilization Ratio            : 100
Auto BRAM Packing                  : NO
Slice Utilization Ratio Delta      : 5

=========================================================================


=========================================================================
*                          HDL Parsing                                  *
=========================================================================
Analyzing Verilog file "/home/ise/ALU/full_adder.v" into library work
Parsing module <full_adder>.
Analyzing Verilog file "/home/ise/ALU/logic_unit_4bit.v" into library work
Parsing module <logic_unit>.
Analyzing Verilog file "/home/ise/ALU/adder_4bit.v" into library work
Parsing module <adder4>.
Analyzing Verilog file "/home/ise/ALU/register.v" into library work
Parsing module <register4>.
Analyzing Verilog file "/home/ise/ALU/ALU.v" into library work
Parsing module <alu>.
Analyzing Verilog file "/home/ise/ALU/ALU_topmodule.v" into library work
Parsing module <alu_top>.

=========================================================================
*                            HDL Elaboration                            *
=========================================================================

Elaborating module <alu_top>.

Elaborating module <alu>.

Elaborating module <logic_unit>.

Elaborating module <adder4>.

Elaborating module <full_adder>.
WARNING:HDLCompiler:1127 - "/home/ise/ALU/ALU_topmodule.v" Line 21: Assignment to CARRY ignored, since the identifier is never used

Elaborating module <register4>.

=========================================================================
*                           HDL Synthesis                               *
=========================================================================

Synthesizing Unit <alu_top>.
    Related source file is "/home/ise/ALU/ALU_topmodule.v".
INFO:Xst:3210 - "/home/ise/ALU/ALU_topmodule.v" line 16: Output port <CARRY> of the instance <ALU1> is unconnected or connected to loadless signal.
    Summary:
	no macro.
Unit <alu_top> synthesized.

Synthesizing Unit <alu>.
    Related source file is "/home/ise/ALU/ALU.v".
    Found 4-bit subtractor for signal <A[3]_B[3]_sub_1_OUT> created at line 59.
    Found 4-bit 8-to-1 multiplexer for signal <Y> created at line 41.
    Summary:
	inferred   1 Adder/Subtractor(s).
	inferred   2 Multiplexer(s).
Unit <alu> synthesized.

Synthesizing Unit <logic_unit>.
    Related source file is "/home/ise/ALU/logic_unit_4bit.v".
    Summary:
Unit <logic_unit> synthesized.

Synthesizing Unit <adder4>.
    Related source file is "/home/ise/ALU/adder_4bit.v".
    Summary:
	no macro.
Unit <adder4> synthesized.

Synthesizing Unit <full_adder>.
    Related source file is "/home/ise/ALU/full_adder.v".
    Summary:
Unit <full_adder> synthesized.

Synthesizing Unit <register4>.
    Related source file is "/home/ise/ALU/register.v".
    Found 4-bit register for signal <Q>.
    Summary:
	inferred   4 D-type flip-flop(s).
Unit <register4> synthesized.

=========================================================================
HDL Synthesis Report

Macro Statistics
# Adders/Subtractors                                   : 1
 4-bit subtractor                                      : 1
# Registers                                            : 1
 4-bit register                                        : 1
# Multiplexers                                         : 2
 1-bit 2-to-1 multiplexer                              : 1
 4-bit 8-to-1 multiplexer                              : 1
# Xors                                                 : 9
 1-bit xor2                                            : 8
 4-bit xor2                                            : 1

=========================================================================

=========================================================================
*                       Advanced HDL Synthesis                          *
=========================================================================


=========================================================================
Advanced HDL Synthesis Report

Macro Statistics
# Adders/Subtractors                                   : 1
 4-bit subtractor                                      : 1
# Registers                                            : 4
 Flip-Flops                                            : 4
# Multiplexers                                         : 2
 1-bit 2-to-1 multiplexer                              : 1
 4-bit 8-to-1 multiplexer                              : 1
# Xors                                                 : 9
 1-bit xor2                                            : 8
 4-bit xor2                                            : 1

=========================================================================

=========================================================================
*                         Low Level Synthesis                           *
=========================================================================

Optimizing unit <alu_top> ...

Mapping all equations...
Building and optimizing final netlist ...
Found area constraint ratio of 100 (+ 5) on block alu_top, actual ratio is 0.

Final Macro Processing ...

=========================================================================
Final Register Report

Macro Statistics
# Registers                                            : 4
 Flip-Flops                                            : 4

=========================================================================

=========================================================================
*                           Partition Report                            *
=========================================================================

Partition Implementation Status
-------------------------------

  No Partitions were found in this design.

-------------------------------

=========================================================================
*                            Design Summary                             *
=========================================================================

Top Level Output File Name         : alu_top.ngc

Primitive and Black Box Usage:
------------------------------
# BELS                             : 16
#      LUT2                        : 1
#      LUT3                        : 1
#      LUT4                        : 2
#      LUT5                        : 2
#      LUT6                        : 7
#      MUXF7                       : 3
# FlipFlops/Latches                : 4
#      FDR                         : 4
# Clock Buffers                    : 1
#      BUFGP                       : 1
# IO Buffers                       : 16
#      IBUF                        : 12
#      OBUF                        : 4

Device utilization summary:
---------------------------

Selected Device : 7a100tcsg324-3 


Slice Logic Utilization: 
 Number of Slice LUTs:                   13  out of  63400     0%  
    Number used as Logic:                13  out of  63400     0%  

Slice Logic Distribution: 
 Number of LUT Flip Flop pairs used:     13
   Number with an unused Flip Flop:      13  out of     13   100%  
   Number with an unused LUT:             0  out of     13     0%  
   Number of fully used LUT-FF pairs:     0  out of     13     0%  
   Number of unique control sets:         1

IO Utilization: 
 Number of IOs:                          17
 Number of bonded IOBs:                  17  out of    210     8%  
    IOB Flip Flops/Latches:               4

Specific Feature Utilization:
 Number of BUFG/BUFGCTRLs:                1  out of     32     3%  

---------------------------
Partition Resource Summary:
---------------------------

  No Partitions were found in this design.

---------------------------


=========================================================================
Timing Report

NOTE: THESE TIMING NUMBERS ARE ONLY A SYNTHESIS ESTIMATE.
      FOR ACCURATE TIMING INFORMATION PLEASE REFER TO THE TRACE REPORT
      GENERATED AFTER PLACE-and-ROUTE.

Clock Information:
------------------
-----------------------------------+------------------------+-------+
Clock Signal                       | Clock buffer(FF name)  | Load  |
-----------------------------------+------------------------+-------+
CLK                                | BUFGP                  | 4     |
-----------------------------------+------------------------+-------+

Asynchronous Control Signals Information:
----------------------------------------
No asynchronous control signals found in this design

Timing Summary:
---------------
Speed Grade: -3

   Minimum period: No path found
   Minimum input arrival time before clock: 1.708ns
   Maximum output required time after clock: 0.640ns
   Maximum combinational path delay: No path found

Timing Details:
---------------
All values displayed in nanoseconds (ns)

=========================================================================
Timing constraint: Default OFFSET IN BEFORE for Clock 'CLK'
  Total number of paths / destination ports: 68 / 8
-------------------------------------------------------------------------
Offset:              1.708ns (Levels of Logic = 4)
  Source:            A<1> (PAD)
  Destination:       REG1/Q_3 (FF)
  Destination Clock: CLK rising

  Data Path: A<1> to REG1/Q_3
                                Gate     Net
    Cell:in->out      fanout   Delay   Delay  Logical Name (Net Name)
    ----------------------------------------  ------------
     IBUF:I->O             6   0.001   0.716  A_1_IBUF (A_1_IBUF)
     LUT6:I0->O            1   0.097   0.511  ALU1/ADDER/FA2/Cout1 (ALU1/ADDER/C3)
     LUT6:I3->O            1   0.097   0.000  ALU1/Mmux_Y43_F (N5)
     MUXF7:I0->O           1   0.277   0.000  ALU1/Mmux_Y43 (ALU_OUT<3>)
     FDR:D                     0.008          REG1/Q_3
    ----------------------------------------
    Total                      1.708ns (0.480ns logic, 1.228ns route)
                                       (28.1% logic, 71.9% route)

=========================================================================
Timing constraint: Default OFFSET OUT AFTER for Clock 'CLK'
  Total number of paths / destination ports: 4 / 4
-------------------------------------------------------------------------
Offset:              0.640ns (Levels of Logic = 1)
  Source:            REG1/Q_3 (FF)
  Destination:       Y<3> (PAD)
  Source Clock:      CLK rising

  Data Path: REG1/Q_3 to Y<3>
                                Gate     Net
    Cell:in->out      fanout   Delay   Delay  Logical Name (Net Name)
    ----------------------------------------  ------------
     FDR:C->Q              1   0.361   0.279  REG1/Q_3 (REG1/Q_3)
     OBUF:I->O                 0.000          Y_3_OBUF (Y<3>)
    ----------------------------------------
    Total                      0.640ns (0.361ns logic, 0.279ns route)
                                       (56.4% logic, 43.6% route)

=========================================================================

Cross Clock Domains Report:
--------------------------

=========================================================================


Total REAL time to Xst completion: 6.00 secs
Total CPU time to Xst completion: 6.15 secs
 
--> 


Total memory usage is 601652 kilobytes

Number of errors   :    0 (   0 filtered)
Number of warnings :    1 (   0 filtered)
Number of infos    :    1 (   0 filtered)

