--------------------------------------------------------------------------------
Release 14.7 Trace  (lin64)
Copyright (c) 1995-2013 Xilinx, Inc.  All rights reserved.

/opt/Xilinx/14.7/ISE_DS/ISE/bin/lin64/unwrapped/trce -intstyle ise -v 3 -s 3 -n
3 -fastpaths -xml alu_top.twx alu_top.ncd -o alu_top.twr alu_top.pcf

Design file:              alu_top.ncd
Physical constraint file: alu_top.pcf
Device,package,speed:     xc7a100t,csg324,C,-3 (PRODUCTION 1.10 2013-10-13)
Report level:             verbose report

Environment Variable      Effect 
--------------------      ------ 
NONE                      No environment variables were set
--------------------------------------------------------------------------------

INFO:Timing:2698 - No timing constraints found, doing default enumeration.
INFO:Timing:3412 - To improve timing, see the Timing Closure User Guide (UG612).
INFO:Timing:2752 - To get complete path coverage, use the unconstrained paths 
   option. All paths that are not constrained will be reported in the 
   unconstrained paths section(s) of the report.
INFO:Timing:3339 - The clock-to-out numbers in this timing report are based on 
   a 50 Ohm transmission line loading model.  For the details of this model, 
   and for more information on accounting for different loading conditions, 
   please see the device datasheet.



Data Sheet report:
-----------------
All values displayed in nanoseconds (ns)

Setup/Hold to clock CLK
------------+------------+------------+------------+------------+------------------+--------+
            |Max Setup to|  Process   |Max Hold to |  Process   |                  | Clock  |
Source      | clk (edge) |   Corner   | clk (edge) |   Corner   |Internal Clock(s) | Phase  |
------------+------------+------------+------------+------------+------------------+--------+
A<0>        |    0.629(R)|      FAST  |    1.711(R)|      SLOW  |CLK_BUFGP         |   0.000|
A<1>        |    0.790(R)|      FAST  |    1.336(R)|      SLOW  |CLK_BUFGP         |   0.000|
A<2>        |    0.776(R)|      FAST  |    1.260(R)|      SLOW  |CLK_BUFGP         |   0.000|
A<3>        |    0.425(R)|      FAST  |    1.500(R)|      SLOW  |CLK_BUFGP         |   0.000|
B<0>        |    0.915(R)|      FAST  |    1.468(R)|      SLOW  |CLK_BUFGP         |   0.000|
B<1>        |    0.742(R)|      FAST  |    1.233(R)|      SLOW  |CLK_BUFGP         |   0.000|
B<2>        |    0.854(R)|      FAST  |    1.358(R)|      SLOW  |CLK_BUFGP         |   0.000|
B<3>        |    0.523(R)|      FAST  |    1.388(R)|      SLOW  |CLK_BUFGP         |   0.000|
RESET       |   -0.311(R)|      FAST  |    2.640(R)|      SLOW  |CLK_BUFGP         |   0.000|
SEL<0>      |    0.894(R)|      FAST  |    1.493(R)|      SLOW  |CLK_BUFGP         |   0.000|
SEL<1>      |    0.748(R)|      FAST  |    1.501(R)|      SLOW  |CLK_BUFGP         |   0.000|
SEL<2>      |    0.916(R)|      FAST  |    1.451(R)|      SLOW  |CLK_BUFGP         |   0.000|
------------+------------+------------+------------+------------+------------------+--------+

Clock CLK to Pad
------------+-----------------+------------+-----------------+------------+------------------+--------+
            |Max (slowest) clk|  Process   |Min (fastest) clk|  Process   |                  | Clock  |
Destination |  (edge) to PAD  |   Corner   |  (edge) to PAD  |   Corner   |Internal Clock(s) | Phase  |
------------+-----------------+------------+-----------------+------------+------------------+--------+
Y<0>        |         6.377(R)|      SLOW  |         2.794(R)|      FAST  |CLK_BUFGP         |   0.000|
Y<1>        |         6.379(R)|      SLOW  |         2.799(R)|      FAST  |CLK_BUFGP         |   0.000|
Y<2>        |         6.376(R)|      SLOW  |         2.796(R)|      FAST  |CLK_BUFGP         |   0.000|
Y<3>        |         6.384(R)|      SLOW  |         2.801(R)|      FAST  |CLK_BUFGP         |   0.000|
------------+-----------------+------------+-----------------+------------+------------------+--------+


Analysis completed Mon Oct  5 03:11:17 2026 
--------------------------------------------------------------------------------

Trace Settings:
-------------------------
Trace Settings 

Peak Memory Usage: 763 MB



